Archive member included to satisfy reference by file (symbol)

/usr/lib/gcc/arm-none-eabi/14.1.0/../../../../arm-none-eabi/lib/thumb/v7e-m+fp/hard/libg.a(libc_a-atexit.o)
                              /usr/lib/gcc/arm-none-eabi/14.1.0/../../../../arm-none-eabi/lib/thumb/v7e-m+fp/hard/crt0.o (atexit)
/usr/lib/gcc/arm-none-eabi/14.1.0/../../../../arm-none-eabi/lib/thumb/v7e-m+fp/hard/libg.a(libc_a-exit.o)
                              /usr/lib/gcc/arm-none-eabi/14.1.0/../../../../arm-none-eabi/lib/thumb/v7e-m+fp/hard/crt0.o (exit)
/usr/lib/gcc/arm-none-eabi/14.1.0/../../../../arm-none-eabi/lib/thumb/v7e-m+fp/hard/libg.a(libc_a-findfp.o)
                              /usr/lib/gcc/arm-none-eabi/14.1.0/../../../../arm-none-eabi/lib/thumb/v7e-m+fp/hard/libg.a(libc_a-exit.o) (__stdio_exit_handler)
/usr/lib/gcc/arm-none-eabi/14.1.0/../../../../arm-none-eabi/lib/thumb/v7e-m+fp/hard/libg.a(libc_a-fwalk.o)
                              /usr/lib/gcc/arm-none-eabi/14.1.0/../../../../arm-none-eabi/lib/thumb/v7e-m+fp/hard/libg.a(libc_a-findfp.o) (_fwalk_sglue)
/usr/lib/gcc/arm-none-eabi/14.1.0/../../../../arm-none-eabi/lib/thumb/v7e-m+fp/hard/libg.a(libc_a-stdio.o)
                              /usr/lib/gcc/arm-none-eabi/14.1.0/../../../../arm-none-eabi/lib/thumb/v7e-m+fp/hard/libg.a(libc_a-findfp.o) (__sread)
/usr/lib/gcc/arm-none-eabi/14.1.0/../../../../arm-none-eabi/lib/thumb/v7e-m+fp/hard/libg.a(libc_a-memset.o)
                              /usr/lib/gcc/arm-none-eabi/14.1.0/../../../../arm-none-eabi/lib/thumb/v7e-m+fp/hard/crt0.o (memset)
/usr/lib/gcc/arm-none-eabi/14.1.0/../../../../arm-none-eabi/lib/thumb/v7e-m+fp/hard/libg.a(libc_a-closer.o)
                              /usr/lib/gcc/arm-none-eabi/14.1.0/../../../../arm-none-eabi/lib/thumb/v7e-m+fp/hard/libg.a(libc_a-stdio.o) (_close_r)
/usr/lib/gcc/arm-none-eabi/14.1.0/../../../../arm-none-eabi/lib/thumb/v7e-m+fp/hard/libg.a(libc_a-reent.o)
                              /usr/lib/gcc/arm-none-eabi/14.1.0/../../../../arm-none-eabi/lib/thumb/v7e-m+fp/hard/libg.a(libc_a-closer.o) (errno)
/usr/lib/gcc/arm-none-eabi/14.1.0/../../../../arm-none-eabi/lib/thumb/v7e-m+fp/hard/libg.a(libc_a-impure.o)
                              /usr/lib/gcc/arm-none-eabi/14.1.0/../../../../arm-none-eabi/lib/thumb/v7e-m+fp/hard/libg.a(libc_a-reent.o) (_impure_ptr)
/usr/lib/gcc/arm-none-eabi/14.1.0/../../../../arm-none-eabi/lib/thumb/v7e-m+fp/hard/libg.a(libc_a-lseekr.o)
                              /usr/lib/gcc/arm-none-eabi/14.1.0/../../../../arm-none-eabi/lib/thumb/v7e-m+fp/hard/libg.a(libc_a-stdio.o) (_lseek_r)
/usr/lib/gcc/arm-none-eabi/14.1.0/../../../../arm-none-eabi/lib/thumb/v7e-m+fp/hard/libg.a(libc_a-readr.o)
                              /usr/lib/gcc/arm-none-eabi/14.1.0/../../../../arm-none-eabi/lib/thumb/v7e-m+fp/hard/libg.a(libc_a-stdio.o) (_read_r)
/usr/lib/gcc/arm-none-eabi/14.1.0/../../../../arm-none-eabi/lib/thumb/v7e-m+fp/hard/libg.a(libc_a-writer.o)
                              /usr/lib/gcc/arm-none-eabi/14.1.0/../../../../arm-none-eabi/lib/thumb/v7e-m+fp/hard/libg.a(libc_a-stdio.o) (_write_r)
/usr/lib/gcc/arm-none-eabi/14.1.0/../../../../arm-none-eabi/lib/thumb/v7e-m+fp/hard/libg.a(libc_a-init.o)
                              /usr/lib/gcc/arm-none-eabi/14.1.0/../../../../arm-none-eabi/lib/thumb/v7e-m+fp/hard/crt0.o (__libc_init_array)
/usr/lib/gcc/arm-none-eabi/14.1.0/../../../../arm-none-eabi/lib/thumb/v7e-m+fp/hard/libg.a(libc_a-fini.o)
                              /usr/lib/gcc/arm-none-eabi/14.1.0/../../../../arm-none-eabi/lib/thumb/v7e-m+fp/hard/crt0.o (__libc_fini_array)
/usr/lib/gcc/arm-none-eabi/14.1.0/../../../../arm-none-eabi/lib/thumb/v7e-m+fp/hard/libg.a(libc_a-lock.o)
                              /usr/lib/gcc/arm-none-eabi/14.1.0/../../../../arm-none-eabi/lib/thumb/v7e-m+fp/hard/libg.a(libc_a-findfp.o) (__retarget_lock_init_recursive)
/usr/lib/gcc/arm-none-eabi/14.1.0/../../../../arm-none-eabi/lib/thumb/v7e-m+fp/hard/libg.a(libc_a-stack_protector.o)
                              CMakeFiles/FASTIC.elf.dir/src/clock.cpp.obj (__stack_chk_guard)
/usr/lib/gcc/arm-none-eabi/14.1.0/../../../../arm-none-eabi/lib/thumb/v7e-m+fp/hard/libg.a(libc_a-strlen.o)
                              /usr/lib/gcc/arm-none-eabi/14.1.0/../../../../arm-none-eabi/lib/thumb/v7e-m+fp/hard/libg.a(libc_a-stack_protector.o) (strlen)
/usr/lib/gcc/arm-none-eabi/14.1.0/../../../../arm-none-eabi/lib/thumb/v7e-m+fp/hard/libg.a(libc_a-__atexit.o)
                              /usr/lib/gcc/arm-none-eabi/14.1.0/../../../../arm-none-eabi/lib/thumb/v7e-m+fp/hard/libg.a(libc_a-atexit.o) (__register_exitproc)
/usr/lib/gcc/arm-none-eabi/14.1.0/../../../../arm-none-eabi/lib/thumb/v7e-m+fp/hard/libg.a(libc_a-__call_atexit.o)
                              /usr/lib/gcc/arm-none-eabi/14.1.0/../../../../arm-none-eabi/lib/thumb/v7e-m+fp/hard/libg.a(libc_a-exit.o) (__call_exitprocs)
/usr/lib/gcc/arm-none-eabi/14.1.0/../../../../arm-none-eabi/lib/thumb/v7e-m+fp/hard/libg.a(libc_a-freer.o)
[...]
Memory Configuration

Name             Origin             Length             Attributes
FLASH            0x08000000         0x00200000         xr
DTCMRAM          0x20000000         0x00020000         xrw
RAM_D1           0x24000000         0x00080000         xrw
RAM_D2           0x30000000         0x00048000         xrw
RAM_D3           0x38000000         0x00010000         xrw
ITCMRAM          0x00000000         0x00010000         xrw
*default*        0x00000000         0xffffffff

Linker script and memory map

LOAD /usr/lib/gcc/arm-none-eabi/14.1.0/thumb/v7e-m+fp/hard/crti.o
LOAD /usr/lib/gcc/arm-none-eabi/14.1.0/thumb/v7e-m+fp/hard/crtbegin.o
LOAD /usr/lib/gcc/arm-none-eabi/14.1.0/../../../../arm-none-eabi/lib/thumb/v7e-m+fp/hard/crt0.o
LOAD CMakeFiles/FASTIC.elf.dir/src/main.cpp.obj
LOAD CMakeFiles/FASTIC.elf.dir/src/clock.cpp.obj
LOAD CMakeFiles/FASTIC.elf.dir/startup/startup_stm32h753zitx.s.obj
LOAD /usr/lib/gcc/arm-none-eabi/14.1.0/../../../../arm-none-eabi/lib/thumb/v7e-m+fp/hard/libstdc++.a
LOAD /usr/lib/gcc/arm-none-eabi/14.1.0/../../../../arm-none-eabi/lib/thumb/v7e-m+fp/hard/libm.a
START GROUP
LOAD /usr/lib/gcc/arm-none-eabi/14.1.0/thumb/v7e-m+fp/hard/libgcc.a
LOAD /usr/lib/gcc/arm-none-eabi/14.1.0/../../../../arm-none-eabi/lib/thumb/v7e-m+fp/hard/libg.a
LOAD /usr/lib/gcc/arm-none-eabi/14.1.0/../../../../arm-none-eabi/lib/thumb/v7e-m+fp/hard/libc.a
END GROUP
START GROUP
LOAD /usr/lib/gcc/arm-none-eabi/14.1.0/thumb/v7e-m+fp/hard/libgcc.a
LOAD /usr/lib/gcc/arm-none-eabi/14.1.0/../../../../arm-none-eabi/lib/thumb/v7e-m+fp/hard/libc.a
LOAD /usr/lib/gcc/arm-none-eabi/14.1.0/../../../../arm-none-eabi/lib/thumb/v7e-m+fp/hard/libnosys.a
END GROUP
LOAD /usr/lib/gcc/arm-none-eabi/14.1.0/thumb/v7e-m+fp/hard/crtend.o
LOAD /usr/lib/gcc/arm-none-eabi/14.1.0/thumb/v7e-m+fp/hard/crtn.o
                0x24080000                        _estack = (ORIGIN (RAM_D1) + LENGTH (RAM_D1))
                0x00000200                        _Min_Heap_Size = 0x200
                0x00000400                        _Min_Stack_Size = 0x400

.isr_vector     0x08000000      0x298
                0x08000000                        . = ALIGN (0x4)
 *(.isr_vector)
 .isr_vector    0x08000000      0x298 CMakeFiles/FASTIC.elf.dir/startup/startup_stm32h753zitx.s.obj
                0x08000000                g_pfnVectors
                0x08000298                        . = ALIGN (0x4)

.text           0x080002c0      0x964
                0x080002c0                        . = ALIGN (0x4)
 *(.text)
 .text          0x080002c0       0xd8 /usr/lib/gcc/arm-none-eabi/14.1.0/../../../../arm-none-eabi/lib/thumb/v7e-m+fp/hard/libg.a(libc_a-strlen.o)
                0x080002c0                strlen
 *(.text*)
 .text.__do_global_dtors_aux
                0x08000398       0x24 /usr/lib/gcc/arm-none-eabi/14.1.0/thumb/v7e-m+fp/hard/crtbegin.o
 .text.frame_dummy
                0x080003bc       0x1c /usr/lib/gcc/arm-none-eabi/14.1.0/thumb/v7e-m+fp/hard/crtbegin.o
 .text._ZN6stmcpp5clock16enablePeripheralENS0_10peripheralE
                0x080003d8       0x24 CMakeFiles/FASTIC.elf.dir/src/main.cpp.obj
                0x080003d8                stmcpp::clock::enablePeripheral(stmcpp::clock::peripheral)
 .text._ZN6stmcpp5clock7systick4initENS_5units8durationE
                0x080003fc       0x34 CMakeFiles/FASTIC.elf.dir/src/main.cpp.obj
                0x080003fc                stmcpp::clock::systick::init(stmcpp::units::duration)
 .text._ZN6stmcpp5clock7systick12waitBlockingENS_5units8durationE
                0x08000430       0x28 CMakeFiles/FASTIC.elf.dir/src/main.cpp.obj
                0x08000430                stmcpp::clock::systick::waitBlocking(stmcpp::units::duration)
 .text.SystemInit
                0x08000458       0x28 CMakeFiles/FASTIC.elf.dir/src/main.cpp.obj
                0x08000458                SystemInit
 .text.SysTick_Handler
                0x08000480       0x10 CMakeFiles/FASTIC.elf.dir/src/main.cpp.obj
                0x08000480                SysTick_Handler
 .text.NMI_Handler
                0x08000490       0x14 CMakeFiles/FASTIC.elf.dir/src/main.cpp.obj
                0x08000490                NMI_Handler
 .text._write   0x080004a4        0x4 CMakeFiles/FASTIC.elf.dir/src/main.cpp.obj
                0x080004a4                _write
 .text.HardFault_Handler
                0x080004a8       0x50 CMakeFiles/FASTIC.elf.dir/src/main.cpp.obj
                0x080004a8                HardFault_Handler
 .text._ZNK6stmcpp4gpio3pinILNS0_4portE1476530176ELh10EE7setModeENS0_4modeE
                0x080004f8       0x24 CMakeFiles/FASTIC.elf.dir/src/main.cpp.obj
                0x080004f8                stmcpp::gpio::pin<(stmcpp::gpio::port)1476530176, (unsigned char)10>::setMode(stmcpp::gpio::mode) const
 .text._ZNK6stmcpp4gpio3pinILNS0_4portE1476530176ELh10EE8setSpeedENS0_5speedE
                0x0800051c       0x14 CMakeFiles/FASTIC.elf.dir/src/main.cpp.obj
                0x0800051c                stmcpp::gpio::pin<(stmcpp::gpio::port)1476530176, (unsigned char)10>::setSpeed(stmcpp::gpio::speed) const
 .text._ZNK6stmcpp4gpio3pinILNS0_4portE1476530176ELh10EE7setPullENS0_4pullE
                0x08000530       0x14 CMakeFiles/FASTIC.elf.dir/src/main.cpp.obj
                0x08000530                stmcpp::gpio::pin<(stmcpp::gpio::port)1476530176, (unsigned char)10>::setPull(stmcpp::gpio::pull) const
 .text._ZNK6stmcpp4gpio3pinILNS0_4portE1476530176ELh10EE13setOutputTypeENS0_5otypeE
                0x08000544       0x14 CMakeFiles/FASTIC.elf.dir/src/main.cpp.obj
                0x08000544                stmcpp::gpio::pin<(stmcpp::gpio::port)1476530176, (unsigned char)10>::setOutputType(stmcpp::gpio::otype) const
 .text._ZN6stmcpp4gpio3pinILNS0_4portE1476530176ELh10EEC2ENS0_4modeENS0_5otypeENS0_4pullENS0_5speedE
                0x08000558       0x34 CMakeFiles/FASTIC.elf.dir/src/main.cpp.obj
                0x08000558                stmcpp::gpio::pin<(stmcpp::gpio::port)1476530176, (unsigned char)10>::pin(stmcpp::gpio::mode, stmcpp::gpio::otype, stmcpp::gpio::pull, stmcpp::gpio::speed)
                0x08000558                stmcpp::gpio::pin<(stmcpp::gpio::port)1476530176, (unsigned char)10>::pin(stmcpp::gpio::mode, stmcpp::gpio::otype, stmcpp::gpio::pull, stmcpp::gpio::speed)
 .text._ZNK6stmcpp4gpio3pinILNS0_4portE1476530176ELh12EE7setModeENS0_4modeE
                0x0800058c       0x24 CMakeFiles/FASTIC.elf.dir/src/main.cpp.obj
                0x0800058c                stmcpp::gpio::pin<(stmcpp::gpio::port)1476530176, (unsigned char)12>::setMode(stmcpp::gpio::mode) const
 .text._ZNK6stmcpp4gpio3pinILNS0_4portE1476530176ELh12EE8setSpeedENS0_5speedE
                0x080005b0       0x14 CMakeFiles/FASTIC.elf.dir/src/main.cpp.obj
                0x080005b0                stmcpp::gpio::pin<(stmcpp::gpio::port)1476530176, (unsigned char)12>::setSpeed(stmcpp::gpio::speed) const
 .text._ZNK6stmcpp4gpio3pinILNS0_4portE1476530176ELh12EE7setPullENS0_4pullE
                0x080005c4       0x14 CMakeFiles/FASTIC.elf.dir/src/main.cpp.obj
                0x080005c4                stmcpp::gpio::pin<(stmcpp::gpio::port)1476530176, (unsigned char)12>::setPull(stmcpp::gpio::pull) const
 .text._ZNK6stmcpp4gpio3pinILNS0_4portE1476530176ELh12EE13setOutputTypeENS0_5otypeE
                0x080005d8       0x14 CMakeFiles/FASTIC.elf.dir/src/main.cpp.obj
                0x080005d8                stmcpp::gpio::pin<(stmcpp::gpio::port)1476530176, (unsigned char)12>::setOutputType(stmcpp::gpio::otype) const
 .text._ZN6stmcpp4gpio3pinILNS0_4portE1476530176ELh12EEC2ENS0_4modeENS0_5otypeENS0_4pullENS0_5speedE
                0x080005ec       0x34 CMakeFiles/FASTIC.elf.dir/src/main.cpp.obj
                0x080005ec                stmcpp::gpio::pin<(stmcpp::gpio::port)1476530176, (unsigned char)12>::pin(stmcpp::gpio::mode, stmcpp::gpio::otype, stmcpp::gpio::pull, stmcpp::gpio::speed)
                0x080005ec                stmcpp::gpio::pin<(stmcpp::gpio::port)1476530176, (unsigned char)12>::pin(stmcpp::gpio::mode, stmcpp::gpio::otype, stmcpp::gpio::pull, stmcpp::gpio::speed)
 .text._ZNK6stmcpp4gpio3pinILNS0_4portE1476530176ELh14EE7setModeENS0_4modeE
                0x08000620       0x24 CMakeFiles/FASTIC.elf.dir/src/main.cpp.obj
                0x08000620                stmcpp::gpio::pin<(stmcpp::gpio::port)1476530176, (unsigned char)14>::setMode(stmcpp::gpio::mode) const
 .text._ZNK6stmcpp4gpio3pinILNS0_4portE1476530176ELh14EE8setSpeedENS0_5speedE
                0x08000644       0x14 CMakeFiles/FASTIC.elf.dir/src/main.cpp.obj
                0x08000644                stmcpp::gpio::pin<(stmcpp::gpio::port)1476530176, (unsigned char)14>::setSpeed(stmcpp::gpio::speed) const
 .text._ZNK6stmcpp4gpio3pinILNS0_4portE1476530176ELh14EE7setPullENS0_4pullE
                0x08000658       0x14 CMakeFiles/FASTIC.elf.dir/src/main.cpp.obj
                0x08000658                stmcpp::gpio::pin<(stmcpp::gpio::port)1476530176, (unsigned char)14>::setPull(stmcpp::gpio::pull) const
 .text._ZNK6stmcpp4gpio3pinILNS0_4portE1476530176ELh14EE13setOutputTypeENS0_5otypeE
                0x0800066c       0x14 CMakeFiles/FASTIC.elf.dir/src/main.cpp.obj
                0x0800066c                stmcpp::gpio::pin<(stmcpp::gpio::port)1476530176, (unsigned char)14>::setOutputType(stmcpp::gpio::otype) const
 .text._ZN6stmcpp4gpio3pinILNS0_4portE1476530176ELh14EEC2ENS0_4modeENS0_5otypeENS0_4pullENS0_5speedE
                0x08000680       0x34 CMakeFiles/FASTIC.elf.dir/src/main.cpp.obj
                0x08000680                stmcpp::gpio::pin<(stmcpp::gpio::port)1476530176, (unsigned char)14>::pin(stmcpp::gpio::mode, stmcpp::gpio::otype, stmcpp::gpio::pull, stmcpp::gpio::speed)
                0x08000680                stmcpp::gpio::pin<(stmcpp::gpio::port)1476530176, (unsigned char)14>::pin(stmcpp::gpio::mode, stmcpp::gpio::otype, stmcpp::gpio::pull, stmcpp::gpio::speed)
 .text._ZNK6stmcpp4gpio3pinILNS0_4portE1476530176ELh15EE7setModeENS0_4modeE
                0x080006b4       0x20 CMakeFiles/FASTIC.elf.dir/src/main.cpp.obj
                0x080006b4                stmcpp::gpio::pin<(stmcpp::gpio::port)1476530176, (unsigned char)15>::setMode(stmcpp::gpio::mode) const
 .text._ZNK6stmcpp4gpio3pinILNS0_4portE1476530176ELh15EE8setSpeedENS0_5speedE
                0x080006d4       0x10 CMakeFiles/FASTIC.elf.dir/src/main.cpp.obj
                0x080006d4                stmcpp::gpio::pin<(stmcpp::gpio::port)1476530176, (unsigned char)15>::setSpeed(stmcpp::gpio::speed) const
 .text._ZNK6stmcpp4gpio3pinILNS0_4portE1476530176ELh15EE7setPullENS0_4pullE
                0x080006e4       0x10 CMakeFiles/FASTIC.elf.dir/src/main.cpp.obj
                0x080006e4                stmcpp::gpio::pin<(stmcpp::gpio::port)1476530176, (unsigned char)15>::setPull(stmcpp::gpio::pull) const
 .text._ZNK6stmcpp4gpio3pinILNS0_4portE1476530176ELh15EE13setOutputTypeENS0_5otypeE
                0x080006f4       0x14 CMakeFiles/FASTIC.elf.dir/src/main.cpp.obj
                0x080006f4                stmcpp::gpio::pin<(stmcpp::gpio::port)1476530176, (unsigned char)15>::setOutputType(stmcpp::gpio::otype) const
 .text._ZN6stmcpp4gpio3pinILNS0_4portE1476530176ELh15EEC2ENS0_4modeENS0_5otypeENS0_4pullENS0_5speedE
                0x08000708       0x34 CMakeFiles/FASTIC.elf.dir/src/main.cpp.obj
                0x08000708                stmcpp::gpio::pin<(stmcpp::gpio::port)1476530176, (unsigned char)15>::pin(stmcpp::gpio::mode, stmcpp::gpio::otype, stmcpp::gpio::pull, stmcpp::gpio::speed)
                0x08000708                stmcpp::gpio::pin<(stmcpp::gpio::port)1476530176, (unsigned char)15>::pin(stmcpp::gpio::mode, stmcpp::gpio::otype, stmcpp::gpio::pull, stmcpp::gpio::speed)
 .text._Z41__static_initialization_and_destruction_0v
                0x0800073c       0x54 CMakeFiles/FASTIC.elf.dir/src/main.cpp.obj
 .text._ZNK6stmcpp4gpio3pinILNS0_4portE1476530176ELh10EE6toggleEv
                0x08000790        0xc CMakeFiles/FASTIC.elf.dir/src/main.cpp.obj
                0x08000790                stmcpp::gpio::pin<(stmcpp::gpio::port)1476530176, (unsigned char)10>::toggle() const
 .text.main     0x0800079c       0x20 CMakeFiles/FASTIC.elf.dir/src/main.cpp.obj
                0x0800079c                main
 .text._GLOBAL__sub_I_led0
                0x080007bc        0x8 CMakeFiles/FASTIC.elf.dir/src/main.cpp.obj
 .text._ZN6stmcpp5clock3pllL9setSourceENS1_9clkSourceE
                0x080007c4       0x1c CMakeFiles/FASTIC.elf.dir/src/clock.cpp.obj
 .text._ZN6stmcpp5clock6domain6domainC2ENS1_6d1cpreENS1_6d1ppreENS1_4hpreENS1_7d2ppre1ENS1_7d2ppre2ENS1_6d3ppreENS1_6sourceE
                0x080007e0       0x48 CMakeFiles/FASTIC.elf.dir/src/clock.cpp.obj
                0x080007e0                stmcpp::clock::domain::domain::domain(stmcpp::clock::domain::d1cpre, stmcpp::clock::domain::d1ppre, stmcpp::clock::domain::hpre, stmcpp::clock::domain::d2ppre1, stmcpp::clock::domain::d2ppre2, stmcpp::clock::domain::d3ppre, stmcpp::clock::domain::source)
                0x080007e0                stmcpp::clock::domain::domain::domain(stmcpp::clock::domain::d1cpre, stmcpp::clock::domain::d1ppre, stmcpp::clock::domain::hpre, stmcpp::clock::domain::d2ppre1, stmcpp::clock::domain::d2ppre2, stmcpp::clock::domain::d3ppre, stmcpp::clock::domain::source)
 .text._ZNK6stmcpp5clock6domain6domain12sourceStatusEv
                0x08000828       0x10 CMakeFiles/FASTIC.elf.dir/src/clock.cpp.obj
                0x08000828                stmcpp::clock::domain::domain::sourceStatus() const
 .text._ZN6stmcpp5clock3pll3pllILNS1_10peripheralE48ELj3ELj50ELj2ELj16ELj2ELj0EEC2ENS1_10inputRangeENS1_8vcoRangeE
                0x08000838       0x40 CMakeFiles/FASTIC.elf.dir/src/clock.cpp.obj
                0x08000838                stmcpp::clock::pll::pll<(stmcpp::clock::pll::peripheral)48, 3u, 50u, 2u, 16u, 2u, 0u>::pll(stmcpp::clock::pll::inputRange, stmcpp::clock::pll::vcoRange)
                0x08000838                stmcpp::clock::pll::pll<(stmcpp::clock::pll::peripheral)48, 3u, 50u, 2u, 16u, 2u, 0u>::pll(stmcpp::clock::pll::inputRange, stmcpp::clock::pll::vcoRange)
 .text._ZNK6stmcpp5clock3pll3pllILNS1_10peripheralE48ELj3ELj50ELj2ELj16ELj2ELj0EE6enableEv
                0x08000878       0x14 CMakeFiles/FASTIC.elf.dir/src/clock.cpp.obj
                0x08000878                stmcpp::clock::pll::pll<(stmcpp::clock::pll::peripheral)48, 3u, 50u, 2u, 16u, 2u, 0u>::enable() const
 .text._ZNK6stmcpp5clock3pll3pllILNS1_10peripheralE48ELj3ELj50ELj2ELj16ELj2ELj0EE8isLockedEv
                0x0800088c       0x10 CMakeFiles/FASTIC.elf.dir/src/clock.cpp.obj
                0x0800088c                stmcpp::clock::pll::pll<(stmcpp::clock::pll::peripheral)48, 3u, 50u, 2u, 16u, 2u, 0u>::isLocked() const
 .text._ZN5clock4initEv
                0x0800089c       0xb4 CMakeFiles/FASTIC.elf.dir/src/clock.cpp.obj
                0x0800089c                clock::init()
 .text.Reset_Handler
                0x08000950       0x50 CMakeFiles/FASTIC.elf.dir/startup/startup_stm32h753zitx.s.obj
                0x08000950                Reset_Handler
 .text.Default_Handler
                0x080009a0        0x2 CMakeFiles/FASTIC.elf.dir/startup/startup_stm32h753zitx.s.obj
                0x080009a0                HASH_RNG_IRQHandler
                0x080009a0                EXTI2_IRQHandler
                0x080009a0                TIM8_CC_IRQHandler
                0x080009a0                DMA_STR2_IRQHandler
                0x080009a0                DebugMon_Handler
                0x080009a0                UART8_IRQHandler
                0x080009a0                SPI4_IRQHandler
                0x080009a0                HRTIM1_MST_IRQHandler
                0x080009a0                DMA_STR5_IRQHandler
                0x080009a0                HRTIM1_FLT_IRQHandler
                0x080009a0                JPEG_IRQHandler
                0x080009a0                DMA2_STR1_IRQHandler
                0x080009a0                DMA2_STR5_IRQHandler
                0x080009a0                HRTIM1_TIMD_IRQHandler
                0x080009a0                PendSV_Handler
                0x080009a0                EXTI3_IRQHandler
                0x080009a0                LPTIM4_IRQHandler
                0x080009a0                TIM8_TRG_COM_TIM14_IRQHandler
                0x080009a0                LPTIM2_IRQHandler
                0x080009a0                DFSDM1_FLT1_IRQHandler
                0x080009a0                DMAMUX2_OVR_IRQHandler
                0x080009a0                TIM8_UP_TIM13_IRQHandler
                0x080009a0                I2C3_ER_IRQHandler
                0x080009a0                DFSDM1_FLT2_IRQHandler
                0x080009a0                MDMA_IRQHandler
                0x080009a0                LPTIM3_IRQHandler
                0x080009a0                EXTI0_IRQHandler
                0x080009a0                I2C2_EV_IRQHandler
                0x080009a0                DMA_STR1_IRQHandler
                0x080009a0                OTG_HS_WKUP_IRQHandler
                0x080009a0                FDCAN1_IT1_IRQHandler
                0x080009a0                UsageFault_Handler
                0x080009a0                LTDC_ER_IRQHandler
                0x080009a0                ADC1_2_IRQHandler
                0x080009a0                SPI1_IRQHandler
                0x080009a0                BDMA_CH2_IRQHandler
                0x080009a0                TIM6_DAC_IRQHandler
                0x080009a0                DCMI_IRQHandler
                0x080009a0                HRTIM1_TIMC_IRQHandler
                0x080009a0                SDMMC_IRQHandler
                0x080009a0                RTC_ALARM_IRQHandler
                0x080009a0                DMA_STR0_IRQHandler
                0x080009a0                SAI2_IRQHandler
                0x080009a0                DMA2_STR3_IRQHandler
                0x080009a0                DFSDM1_FLT3_IRQHandler
                0x080009a0                USART6_IRQHandler
                0x080009a0                BDMA_CH5_IRQHandler
                0x080009a0                TIM17_IRQHandler
                0x080009a0                BDMA_CH6_IRQHandler
                0x080009a0                USART3_IRQHandler
                0x080009a0                WKUP_IRQHandler
                0x080009a0                CRYP_IRQHandler
                0x080009a0                BDMA_CH3_IRQHandler
                0x080009a0                LPTIM5_IRQHandler
                0x080009a0                LPUART_IRQHandler
                0x080009a0                UART5_IRQHandler
                0x080009a0                ADC3_IRQHandler
                0x080009a0                DMA_STR6_IRQHandler
                0x080009a0                TIM4_IRQHandler
                0x080009a0                QUADSPI_IRQHandler
                0x080009a0                I2C1_EV_IRQHandler
                0x080009a0                DMA1_STR7_IRQHandler
                0x080009a0                TIM16_IRQHandler
                0x080009a0                UART4_IRQHandler
                0x080009a0                TIM3_IRQHandler
                0x080009a0                RCC_IRQHandler
                0x080009a0                TIM8_BRK_TIM12_IRQHandler
                0x080009a0                TIM1_TRG_COM_IRQHandler
                0x080009a0                Default_Handler
                0x080009a0                HRTIM_TIMB_IRQHandler
                0x080009a0                CEC_IRQHandler
                0x080009a0                EXTI15_10_IRQHandler
                0x080009a0                BDMA_CH4_IRQHandler
                0x080009a0                DMA_STR3_IRQHandler
                0x080009a0                HRTIM_TIME_IRQHandler
                0x080009a0                HRTIM1_TIMA_IRQHandler
                0x080009a0                SPI5_IRQHandler
                0x080009a0                TIM7_IRQHandler
                0x080009a0                SDMMC1_IRQHandler
                0x080009a0                TIM5_IRQHandler
                0x080009a0                SPDIF_IRQHandler
                0x080009a0                TIM15_IRQHandler
                0x080009a0                I2C3_EV_IRQHandler
                0x080009a0                WWDG1_RST_IRQHandler
                0x080009a0                EXTI9_5_IRQHandler
                0x080009a0                DMA2_STR4_IRQHandler
                0x080009a0                RTC_WKUP_IRQHandler
                0x080009a0                DMA2_STR6_IRQHandler
                0x080009a0                LTDC_IRQHandler
                0x080009a0                SAI3_IRQHandler
                0x080009a0                ETH_WKUP_IRQHandler
                0x080009a0                PVD_PVM_IRQHandler
                0x080009a0                BDMA_CH0_IRQHandler
                0x080009a0                SPI2_IRQHandler
                0x080009a0                OTG_HS_EP1_IN_IRQHandler
                0x080009a0                MemManage_Handler
                0x080009a0                DMA2_STR0_IRQHandler
                0x080009a0                SVC_Handler
                0x080009a0                CRS_IRQHandler
                0x080009a0                EXTI4_IRQHandler
                0x080009a0                DMAMUX1_OV_IRQHandler
                0x080009a0                FDCAN2_IT1_IRQHandler
                0x080009a0                DMA_STR4_IRQHandler
                0x080009a0                COMP_IRQHandler
                0x080009a0                DMA2_STR2_IRQHandler
                0x080009a0                ETH_IRQHandler
                0x080009a0                TIM1_UP_IRQHandler
                0x080009a0                DMA2_STR7_IRQHandler
                0x080009a0                OTG_HS_EP1_OUT_IRQHandler
                0x080009a0                SPI6_IRQHandler
                0x080009a0                MDIOS_IRQHandler
                0x080009a0                I2C4_EV_IRQHandler
                0x080009a0                FDCAN2_IT0_IRQHandler
                0x080009a0                BDMA_CH7_IRQHandler
                0x080009a0                FDCAN1_IT0_IRQHandler
                0x080009a0                TIM2_IRQHandler
                0x080009a0                HSEM0_IRQHandler
                0x080009a0                OTG_FS_WKUP_IRQHandler
                0x080009a0                OTG_HS_IRQHandler
                0x080009a0                DMA2D_IRQHandler
                0x080009a0                TIM1_BRK_IRQHandler
                0x080009a0                EXTI1_IRQHandler
                0x080009a0                OTG_FS_EP1_OUT_IRQHandler
                0x080009a0                UART7_IRQHandler
                0x080009a0                MDIOS_WKUP_IRQHandler
                0x080009a0                USART2_IRQHandler
                0x080009a0                DFSDM1_FLT0_IRQHandler
                0x080009a0                SAI4_IRQHandler
                0x080009a0                I2C2_ER_IRQHandler
                0x080009a0                FLASH_IRQHandler
                0x080009a0                WWDG1_IRQHandler
                0x080009a0                BusFault_Handler
                0x080009a0                USART1_IRQHandler
                0x080009a0                OTG_FS_IRQHandler
                0x080009a0                SPI3_IRQHandler
                0x080009a0                OTG_FS_EP1_IN_IRQHandler
                0x080009a0                I2C1_ER_IRQHandler
                0x080009a0                FMC_IRQHandler
                0x080009a0                BDMA_CH1_IRQHandler
                0x080009a0                FDCAN_CAL_IRQHandler
                0x080009a0                SWPMI1_IRQHandler
                0x080009a0                LPTIM1_IRQHandler
                0x080009a0                TIM_CC_IRQHandler
                0x080009a0                I2C4_ER_IRQHandler
                0x080009a0                SAI1_IRQHandler
                0x080009a0                RTC_TAMP_STAMP_CSS_LSE_IRQHandler
 *fill*         0x080009a2        0x2 
 .text.atexit   0x080009a4        0xc /usr/lib/gcc/arm-none-eabi/14.1.0/../../../../arm-none-eabi/lib/thumb/v7e-m+fp/hard/libg.a(libc_a-atexit.o)
                0x080009a4                atexit
 .text._write_r
                0x080009b0       0x2c /usr/lib/gcc/arm-none-eabi/14.1.0/../../../../arm-none-eabi/lib/thumb/v7e-m+fp/hard/libg.a(libc_a-writer.o)
                0x080009b0                _write_r
 .text.__libc_init_array
                0x080009dc       0x50 /usr/lib/gcc/arm-none-eabi/14.1.0/../../../../arm-none-eabi/lib/thumb/v7e-m+fp/hard/libg.a(libc_a-init.o)
                0x080009dc                __libc_init_array
 .text.__libc_fini_array
                0x08000a2c       0x28 /usr/lib/gcc/arm-none-eabi/14.1.0/../../../../arm-none-eabi/lib/thumb/v7e-m+fp/hard/libg.a(libc_a-fini.o)
                0x08000a2c                __libc_fini_array
 .text.__retarget_lock_acquire_recursive
                0x08000a54        0x4 /usr/lib/gcc/arm-none-eabi/14.1.0/../../../../arm-none-eabi/lib/thumb/v7e-m+fp/hard/libg.a(libc_a-lock.o)
                0x08000a54                __retarget_lock_acquire_recursive
 .text.__retarget_lock_release_recursive
                0x08000a58        0x4 /usr/lib/gcc/arm-none-eabi/14.1.0/../../../../arm-none-eabi/lib/thumb/v7e-m+fp/hard/libg.a(libc_a-lock.o)
                0x08000a58                __retarget_lock_release_recursive
 .text.startup.__stack_chk_init
                0x08000a5c       0x14 /usr/lib/gcc/arm-none-eabi/14.1.0/../../../../arm-none-eabi/lib/thumb/v7e-m+fp/hard/libg.a(libc_a-stack_protector.o)
                0x08000a5c                __stack_chk_init
 .text.__stack_chk_fail
                0x08000a70       0x40 /usr/lib/gcc/arm-none-eabi/14.1.0/../../../../arm-none-eabi/lib/thumb/v7e-m+fp/hard/libg.a(libc_a-stack_protector.o)
                0x08000a70                __stack_chk_fail
 .text.__register_exitproc
                0x08000ab0       0x80 /usr/lib/gcc/arm-none-eabi/14.1.0/../../../../arm-none-eabi/lib/thumb/v7e-m+fp/hard/libg.a(libc_a-__atexit.o)
                0x08000ab0                __register_exitproc
 .text.startup.register_fini
                0x08000b30       0x14 /usr/lib/gcc/arm-none-eabi/14.1.0/../../../../arm-none-eabi/lib/thumb/v7e-m+fp/hard/libg.a(libc_a-__call_atexit.o)
 .text.raise    0x08000b44       0x58 /usr/lib/gcc/arm-none-eabi/14.1.0/../../../../arm-none-eabi/lib/thumb/v7e-m+fp/hard/libg.a(libc_a-signal.o)
                0x08000b44                raise
 .text._kill_r  0x08000b9c       0x2c /usr/lib/gcc/arm-none-eabi/14.1.0/../../../../arm-none-eabi/lib/thumb/v7e-m+fp/hard/libg.a(libc_a-signalr.o)
                0x08000b9c                _kill_r
 .text._getpid_r
                0x08000bc8        0x4 /usr/lib/gcc/arm-none-eabi/14.1.0/../../../../arm-none-eabi/lib/thumb/v7e-m+fp/hard/libg.a(libc_a-signalr.o)
                0x08000bc8                _getpid_r
 .text.write    0x08000bcc       0x1c /usr/lib/gcc/arm-none-eabi/14.1.0/../../../../arm-none-eabi/lib/thumb/v7e-m+fp/hard/libg.a(libc_a-syswrite.o)
                0x08000bcc                write
 .text._getpid  0x08000be8       0x10 /usr/lib/gcc/arm-none-eabi/14.1.0/../../../../arm-none-eabi/lib/thumb/v7e-m+fp/hard/libnosys.a(getpid.o)
                0x08000be8                _getpid
 .text._kill    0x08000bf8       0x10 /usr/lib/gcc/arm-none-eabi/14.1.0/../../../../arm-none-eabi/lib/thumb/v7e-m+fp/hard/libnosys.a(kill.o)
                0x08000bf8                _kill
 .text._exit    0x08000c08        0x4 /usr/lib/gcc/arm-none-eabi/14.1.0/../../../../arm-none-eabi/lib/thumb/v7e-m+fp/hard/libnosys.a(_exit.o)
                0x08000c08                _exit
 *(.glue_7)
 .glue_7        0x08000c0c        0x0 linker stubs
 *(.glue_7t)
 .glue_7t       0x08000c0c        0x0 linker stubs
 *(.eh_frame)
 .eh_frame      0x08000c0c        0x0 /usr/lib/gcc/arm-none-eabi/14.1.0/thumb/v7e-m+fp/hard/crtbegin.o
 *(.init)
 .init          0x08000c0c        0x4 /usr/lib/gcc/arm-none-eabi/14.1.0/thumb/v7e-m+fp/hard/crti.o
                0x08000c0c                _init
 .init          0x08000c10        0x8 /usr/lib/gcc/arm-none-eabi/14.1.0/thumb/v7e-m+fp/hard/crtn.o
 *(.fini)
 .fini          0x08000c18        0x4 /usr/lib/gcc/arm-none-eabi/14.1.0/thumb/v7e-m+fp/hard/crti.o
                0x08000c18                _fini
 .fini          0x08000c1c        0x8 /usr/lib/gcc/arm-none-eabi/14.1.0/thumb/v7e-m+fp/hard/crtn.o
                0x08000c24                        . = ALIGN (0x4)
                0x08000c24                        _etext = .

.vfp11_veneer   0x08000c24        0x0
 .vfp11_veneer  0x08000c24        0x0 linker stubs

.v4_bx          0x08000c24        0x0
 .v4_bx         0x08000c24        0x0 linker stubs

.iplt           0x08000c24        0x0
 .iplt          0x08000c24        0x0 /usr/lib/gcc/arm-none-eabi/14.1.0/thumb/v7e-m+fp/hard/crtbegin.o

.rodata         0x08000c24       0x3c
                0x08000c24                        . = ALIGN (0x4)
 *(.rodata)
 *(.rodata*)
 .rodata._ZN6stmcpp5clockL22peripheralRegisterMap_E
                0x08000c24        0x9 CMakeFiles/FASTIC.elf.dir/src/main.cpp.obj
 *fill*         0x08000c2d        0x3 
 .rodata.__stack_chk_fail.str1.4
                0x08000c30       0x2d /usr/lib/gcc/arm-none-eabi/14.1.0/../../../../arm-none-eabi/lib/thumb/v7e-m+fp/hard/libg.a(libc_a-stack_protector.o)
                0x08000c60                        . = ALIGN (0x4)
 *fill*         0x08000c5d        0x3 

.ARM.extab
 *(.ARM.extab* .gnu.linkonce.armextab.*)

.ARM            0x08000c60        0x8
                0x08000c60                        __exidx_start = .
 *(.ARM.exidx*)
 .ARM.exidx     0x08000c60        0x8 /usr/lib/gcc/arm-none-eabi/14.1.0/../../../../arm-none-eabi/lib/thumb/v7e-m+fp/hard/libg.a(libc_a-strlen.o)
                0x08000c68                        __exidx_end = .

.preinit_array  0x08000c68        0x0
                0x08000c68                        PROVIDE (__preinit_array_start = .)
 *(.preinit_array*)
                0x08000c68                        PROVIDE (__preinit_array_end = .)

.init_array     0x08000c68       0x10
                0x08000c68                        PROVIDE (__init_array_start = .)
 *(SORT_BY_NAME(.init_array.*))
 .init_array.00000
                0x08000c68        0x4 /usr/lib/gcc/arm-none-eabi/14.1.0/../../../../arm-none-eabi/lib/thumb/v7e-m+fp/hard/libg.a(libc_a-__call_atexit.o)
 *(.init_array*)
 .init_array    0x08000c6c        0x4 /usr/lib/gcc/arm-none-eabi/14.1.0/thumb/v7e-m+fp/hard/crtbegin.o
 .init_array    0x08000c70        0x4 CMakeFiles/FASTIC.elf.dir/src/main.cpp.obj
 .init_array    0x08000c74        0x4 /usr/lib/gcc/arm-none-eabi/14.1.0/../../../../arm-none-eabi/lib/thumb/v7e-m+fp/hard/libg.a(libc_a-stack_protector.o)
                0x08000c78                        PROVIDE (__init_array_end = .)

.fini_array     0x08000c78        0x4
                0x08000c78                        PROVIDE (__fini_array_start = .)
 *(SORT_BY_NAME(.fini_array.*))
 *(.fini_array*)
 .fini_array    0x08000c78        0x4 /usr/lib/gcc/arm-none-eabi/14.1.0/thumb/v7e-m+fp/hard/crtbegin.o
                0x08000c7c                        PROVIDE (__fini_array_end = .)
                0x08000c7c                        _sidata = LOADADDR (.data)

.rel.dyn        0x08000c7c        0x0
 .rel.iplt      0x08000c7c        0x0 /usr/lib/gcc/arm-none-eabi/14.1.0/thumb/v7e-m+fp/hard/crtbegin.o

.data           0x24000000      0x12c load address 0x08000c7c
                0x24000000                        . = ALIGN (0x4)
                0x24000000                        _sdata = .
 *(.data)
 *(.data*)
 .data._ZN6stmcpp5clock7systick11resolution_E
                0x24000000        0x4 CMakeFiles/FASTIC.elf.dir/src/main.cpp.obj
                0x24000000                stmcpp::clock::systick::resolution_
 .data._impure_ptr
                0x24000004        0x4 /usr/lib/gcc/arm-none-eabi/14.1.0/../../../../arm-none-eabi/lib/thumb/v7e-m+fp/hard/libg.a(libc_a-impure.o)
                0x24000004                _impure_ptr
 .data._impure_data
                0x24000008      0x120 /usr/lib/gcc/arm-none-eabi/14.1.0/../../../../arm-none-eabi/lib/thumb/v7e-m+fp/hard/libg.a(libc_a-impure.o)
                0x24000008                _impure_data
 .data.__atexit_recursive_mutex
                0x24000128        0x4 /usr/lib/gcc/arm-none-eabi/14.1.0/../../../../arm-none-eabi/lib/thumb/v7e-m+fp/hard/libg.a(libc_a-__call_atexit.o)
                0x24000128                __atexit_recursive_mutex
 *(.RamFunc)
 *(.RamFunc*)
                0x2400012c                        . = ALIGN (0x4)
                0x2400012c                        _edata = .

.igot.plt       0x2400012c        0x0 load address 0x08000da8
 .igot.plt      0x2400012c        0x0 /usr/lib/gcc/arm-none-eabi/14.1.0/thumb/v7e-m+fp/hard/crtbegin.o
                0x2400012c                        . = ALIGN (0x4)

.bss            0x2400012c      0x308 load address 0x08000da8
                0x2400012c                        _sbss = .
                0x2400012c                        __bss_start__ = _sbss
 *(.bss)
 *(.bss*)
 .bss.completed.1
                0x2400012c        0x1 /usr/lib/gcc/arm-none-eabi/14.1.0/thumb/v7e-m+fp/hard/crtbegin.o
 *fill*         0x2400012d        0x3 
 .bss.object.0  0x24000130       0x18 /usr/lib/gcc/arm-none-eabi/14.1.0/thumb/v7e-m+fp/hard/crtbegin.o
 .bss.led3      0x24000148        0x4 CMakeFiles/FASTIC.elf.dir/src/main.cpp.obj
                0x24000148                led3
 .bss.led2      0x2400014c        0x4 CMakeFiles/FASTIC.elf.dir/src/main.cpp.obj
                0x2400014c                led2
 .bss.led1      0x24000150        0x4 CMakeFiles/FASTIC.elf.dir/src/main.cpp.obj
                0x24000150                led1
 .bss.led0      0x24000154        0x4 CMakeFiles/FASTIC.elf.dir/src/main.cpp.obj
                0x24000154                led0
 .bss._ZN6stmcpp5clock7systick6ticks_E
                0x24000158        0x4 CMakeFiles/FASTIC.elf.dir/src/main.cpp.obj
                0x24000158                stmcpp::clock::systick::ticks_
 .bss.__sf      0x2400015c      0x138 /usr/lib/gcc/arm-none-eabi/14.1.0/../../../../arm-none-eabi/lib/thumb/v7e-m+fp/hard/libg.a(libc_a-findfp.o)
                0x2400015c                __sf
 .bss.errno     0x24000294        0x4 /usr/lib/gcc/arm-none-eabi/14.1.0/../../../../arm-none-eabi/lib/thumb/v7e-m+fp/hard/libg.a(libc_a-reent.o)
                0x24000294                errno
 .bss.__lock___atexit_recursive_mutex
                0x24000298        0x1 /usr/lib/gcc/arm-none-eabi/14.1.0/../../../../arm-none-eabi/lib/thumb/v7e-m+fp/hard/libg.a(libc_a-lock.o)
                0x24000298                __lock___atexit_recursive_mutex
 *fill*         0x24000299        0x3 
 .bss.__stack_chk_guard
                0x2400029c        0x4 /usr/lib/gcc/arm-none-eabi/14.1.0/../../../../arm-none-eabi/lib/thumb/v7e-m+fp/hard/libg.a(libc_a-stack_protector.o)
                0x2400029c                __stack_chk_guard
 .bss.__atexit0
                0x240002a0      0x190 /usr/lib/gcc/arm-none-eabi/14.1.0/../../../../arm-none-eabi/lib/thumb/v7e-m+fp/hard/libg.a(libc_a-__atexit.o)
                0x240002a0                __atexit0
 .bss.__atexit  0x24000430        0x4 /usr/lib/gcc/arm-none-eabi/14.1.0/../../../../arm-none-eabi/lib/thumb/v7e-m+fp/hard/libg.a(libc_a-__call_atexit.o)
                0x24000430                __atexit
 *(COMMON)
                0x24000434                        . = ALIGN (0x4)
                0x24000434                        _ebss = .
                0x24000434                        __bss_end__ = _ebss

._user_heap_stack
                0x24000434      0x604 load address 0x08000da8
                0x24000438                        . = ALIGN (0x8)
 *fill*         0x24000434        0x4 
                0x24000438                        PROVIDE (end = .)
                [!provide]                        PROVIDE (_end = .)
                0x24000638                        . = (. + _Min_Heap_Size)
 *fill*         0x24000438      0x200 
                0x24000a38                        . = (. + _Min_Stack_Size)
 *fill*         0x24000638      0x400 
                0x24000a38                        . = ALIGN (0x8)

/DISCARD/
 libc.a(*)
 libm.a(*)
 libgcc.a(*)
 libstdc++_nano.a(*)

.ARM.attributes
                0x00000000       0x30
 *(.ARM.attributes)
 .ARM.attributes
                0x00000000       0x22 /usr/lib/gcc/arm-none-eabi/14.1.0/thumb/v7e-m+fp/hard/crti.o
 .ARM.attributes
                0x00000022       0x34 /usr/lib/gcc/arm-none-eabi/14.1.0/thumb/v7e-m+fp/hard/crtbegin.o
 .ARM.attributes
                0x00000056       0x34 CMakeFiles/FASTIC.elf.dir/src/main.cpp.obj
 .ARM.attributes
                0x0000008a       0x34 CMakeFiles/FASTIC.elf.dir/src/clock.cpp.obj
 .ARM.attributes
                0x000000be       0x21 CMakeFiles/FASTIC.elf.dir/startup/startup_stm32h753zitx.s.obj
 .ARM.attributes
                0x000000df       0x34 /usr/lib/gcc/arm-none-eabi/14.1.0/../../../../arm-none-eabi/lib/thumb/v7e-m+fp/hard/libg.a(libc_a-atexit.o)
 .ARM.attributes
                0x00000113       0x34 /usr/lib/gcc/arm-none-eabi/14.1.0/../../../../arm-none-eabi/lib/thumb/v7e-m+fp/hard/libg.a(libc_a-findfp.o)
 .ARM.attributes
                0x00000147       0x34 /usr/lib/gcc/arm-none-eabi/14.1.0/../../../../arm-none-eabi/lib/thumb/v7e-m+fp/hard/libg.a(libc_a-reent.o)
 .ARM.attributes
                0x0000017b       0x34 /usr/lib/gcc/arm-none-eabi/14.1.0/../../../../arm-none-eabi/lib/thumb/v7e-m+fp/hard/libg.a(libc_a-impure.o)
 .ARM.attributes
                0x000001af       0x34 /usr/lib/gcc/arm-none-eabi/14.1.0/../../../../arm-none-eabi/lib/thumb/v7e-m+fp/hard/libg.a(libc_a-writer.o)
 .ARM.attributes
                0x000001e3       0x34 /usr/lib/gcc/arm-none-eabi/14.1.0/../../../../arm-none-eabi/lib/thumb/v7e-m+fp/hard/libg.a(libc_a-init.o)
 .ARM.attributes
                0x00000217       0x34 /usr/lib/gcc/arm-none-eabi/14.1.0/../../../../arm-none-eabi/lib/thumb/v7e-m+fp/hard/libg.a(libc_a-fini.o)
 .ARM.attributes
                0x0000024b       0x34 /usr/lib/gcc/arm-none-eabi/14.1.0/../../../../arm-none-eabi/lib/thumb/v7e-m+fp/hard/libg.a(libc_a-lock.o)
 .ARM.attributes
                0x0000027f       0x34 /usr/lib/gcc/arm-none-eabi/14.1.0/../../../../arm-none-eabi/lib/thumb/v7e-m+fp/hard/libg.a(libc_a-stack_protector.o)
 .ARM.attributes
                0x000002b3       0x1c /usr/lib/gcc/arm-none-eabi/14.1.0/../../../../arm-none-eabi/lib/thumb/v7e-m+fp/hard/libg.a(libc_a-strlen.o)
 .ARM.attributes
                0x000002cf       0x34 /usr/lib/gcc/arm-none-eabi/14.1.0/../../../../arm-none-eabi/lib/thumb/v7e-m+fp/hard/libg.a(libc_a-__atexit.o)
 .ARM.attributes
                0x00000303       0x34 /usr/lib/gcc/arm-none-eabi/14.1.0/../../../../arm-none-eabi/lib/thumb/v7e-m+fp/hard/libg.a(libc_a-__call_atexit.o)
 .ARM.attributes
                0x00000337       0x34 /usr/lib/gcc/arm-none-eabi/14.1.0/../../../../arm-none-eabi/lib/thumb/v7e-m+fp/hard/libg.a(libc_a-signal.o)
 .ARM.attributes
                0x0000036b       0x34 /usr/lib/gcc/arm-none-eabi/14.1.0/../../../../arm-none-eabi/lib/thumb/v7e-m+fp/hard/libg.a(libc_a-signalr.o)
 .ARM.attributes
                0x0000039f       0x34 /usr/lib/gcc/arm-none-eabi/14.1.0/../../../../arm-none-eabi/lib/thumb/v7e-m+fp/hard/libg.a(libc_a-syswrite.o)
 .ARM.attributes
                0x000003d3       0x34 /usr/lib/gcc/arm-none-eabi/14.1.0/../../../../arm-none-eabi/lib/thumb/v7e-m+fp/hard/libnosys.a(getpid.o)
 .ARM.attributes
                0x00000407       0x34 /usr/lib/gcc/arm-none-eabi/14.1.0/../../../../arm-none-eabi/lib/thumb/v7e-m+fp/hard/libnosys.a(kill.o)
 .ARM.attributes
                0x0000043b       0x34 /usr/lib/gcc/arm-none-eabi/14.1.0/../../../../arm-none-eabi/lib/thumb/v7e-m+fp/hard/libnosys.a(_exit.o)
 .ARM.attributes
                0x0000046f       0x22 /usr/lib/gcc/arm-none-eabi/14.1.0/thumb/v7e-m+fp/hard/crtn.o
OUTPUT(FASTIC.elf elf32-littlearm)
LOAD linker stubs
LOAD /usr/lib/gcc/arm-none-eabi/14.1.0/../../../../arm-none-eabi/lib/thumb/v7e-m+fp/hard/libc.a
LOAD /usr/lib/gcc/arm-none-eabi/14.1.0/../../../../arm-none-eabi/lib/thumb/v7e-m+fp/hard/libm.a
LOAD /usr/lib/gcc/arm-none-eabi/14.1.0/thumb/v7e-m+fp/hard/libgcc.a
LOAD /usr/lib/gcc/arm-none-eabi/14.1.0/../../../../arm-none-eabi/lib/thumb/v7e-m+fp/hard/libstdc++_nano.a

.debug_info     0x00000000     0xd1cc
 .debug_info    0x00000000     0x4ff4 CMakeFiles/FASTIC.elf.dir/src/main.cpp.obj
 .debug_info    0x00004ff4     0x30d0 CMakeFiles/FASTIC.elf.dir/src/clock.cpp.obj
 .debug_info    0x000080c4       0x30 CMakeFiles/FASTIC.elf.dir/startup/startup_stm32h753zitx.s.obj
 .debug_info    0x000080f4      0x11e /usr/lib/gcc/arm-none-eabi/14.1.0/../../../../arm-none-eabi/lib/thumb/v7e-m+fp/hard/libg.a(libc_a-atexit.o)
 .debug_info    0x00008212     0x10e0 /usr/lib/gcc/arm-none-eabi/14.1.0/../../../../arm-none-eabi/lib/thumb/v7e-m+fp/hard/libg.a(libc_a-findfp.o)
 .debug_info    0x000092f2      0x83b /usr/lib/gcc/arm-none-eabi/14.1.0/../../../../arm-none-eabi/lib/thumb/v7e-m+fp/hard/libg.a(libc_a-reent.o)
 .debug_info    0x00009b2d      0x733 /usr/lib/gcc/arm-none-eabi/14.1.0/../../../../arm-none-eabi/lib/thumb/v7e-m+fp/hard/libg.a(libc_a-impure.o)
 .debug_info    0x0000a260      0x7e3 /usr/lib/gcc/arm-none-eabi/14.1.0/../../../../arm-none-eabi/lib/thumb/v7e-m+fp/hard/libg.a(libc_a-writer.o)
 .debug_info    0x0000aa43      0x10b /usr/lib/gcc/arm-none-eabi/14.1.0/../../../../arm-none-eabi/lib/thumb/v7e-m+fp/hard/libg.a(libc_a-init.o)
 .debug_info    0x0000ab4e       0xf7 /usr/lib/gcc/arm-none-eabi/14.1.0/../../../../arm-none-eabi/lib/thumb/v7e-m+fp/hard/libg.a(libc_a-fini.o)
 .debug_info    0x0000ac45      0x218 /usr/lib/gcc/arm-none-eabi/14.1.0/../../../../arm-none-eabi/lib/thumb/v7e-m+fp/hard/libg.a(libc_a-lock.o)
 .debug_info    0x0000ae5d      0x1d7 /usr/lib/gcc/arm-none-eabi/14.1.0/../../../../arm-none-eabi/lib/thumb/v7e-m+fp/hard/libg.a(libc_a-stack_protector.o)
 .debug_info    0x0000b034       0x33 /usr/lib/gcc/arm-none-eabi/14.1.0/../../../../arm-none-eabi/lib/thumb/v7e-m+fp/hard/libg.a(libc_a-strlen.o)
 .debug_info    0x0000b067      0x25f /usr/lib/gcc/arm-none-eabi/14.1.0/../../../../arm-none-eabi/lib/thumb/v7e-m+fp/hard/libg.a(libc_a-__atexit.o)
 .debug_info    0x0000b2c6      0x2dd /usr/lib/gcc/arm-none-eabi/14.1.0/../../../../arm-none-eabi/lib/thumb/v7e-m+fp/hard/libg.a(libc_a-__call_atexit.o)
 .debug_info    0x0000b5a3      0xc61 /usr/lib/gcc/arm-none-eabi/14.1.0/../../../../arm-none-eabi/lib/thumb/v7e-m+fp/hard/libg.a(libc_a-signal.o)
 .debug_info    0x0000c204      0x807 /usr/lib/gcc/arm-none-eabi/14.1.0/../../../../arm-none-eabi/lib/thumb/v7e-m+fp/hard/libg.a(libc_a-signalr.o)
 .debug_info    0x0000ca0b      0x7c1 /usr/lib/gcc/arm-none-eabi/14.1.0/../../../../arm-none-eabi/lib/thumb/v7e-m+fp/hard/libg.a(libc_a-syswrite.o)

.debug_abbrev   0x00000000     0x2a92
 .debug_abbrev  0x00000000      0x8fe CMakeFiles/FASTIC.elf.dir/src/main.cpp.obj
 .debug_abbrev  0x000008fe      0x7c5 CMakeFiles/FASTIC.elf.dir/src/clock.cpp.obj
 .debug_abbrev  0x000010c3       0x24 CMakeFiles/FASTIC.elf.dir/startup/startup_stm32h753zitx.s.obj
 .debug_abbrev  0x000010e7       0xc1 /usr/lib/gcc/arm-none-eabi/14.1.0/../../../../arm-none-eabi/lib/thumb/v7e-m+fp/hard/libg.a(libc_a-atexit.o)
 .debug_abbrev  0x000011a8      0x484 /usr/lib/gcc/arm-none-eabi/14.1.0/../../../../arm-none-eabi/lib/thumb/v7e-m+fp/hard/libg.a(libc_a-findfp.o)
 .debug_abbrev  0x0000162c      0x22a /usr/lib/gcc/arm-none-eabi/14.1.0/../../../../arm-none-eabi/lib/thumb/v7e-m+fp/hard/libg.a(libc_a-reent.o)
 .debug_abbrev  0x00001856      0x185 /usr/lib/gcc/arm-none-eabi/14.1.0/../../../../arm-none-eabi/lib/thumb/v7e-m+fp/hard/libg.a(libc_a-impure.o)
 .debug_abbrev  0x000019db      0x1f1 /usr/lib/gcc/arm-none-eabi/14.1.0/../../../../arm-none-eabi/lib/thumb/v7e-m+fp/hard/libg.a(libc_a-writer.o)
 .debug_abbrev  0x00001bcc       0xc9 /usr/lib/gcc/arm-none-eabi/14.1.0/../../../../arm-none-eabi/lib/thumb/v7e-m+fp/hard/libg.a(libc_a-init.o)
 .debug_abbrev  0x00001c95       0xcc /usr/lib/gcc/arm-none-eabi/14.1.0/../../../../arm-none-eabi/lib/thumb/v7e-m+fp/hard/libg.a(libc_a-fini.o)
 .debug_abbrev  0x00001d61      0x115 /usr/lib/gcc/arm-none-eabi/14.1.0/../../../../arm-none-eabi/lib/thumb/v7e-m+fp/hard/libg.a(libc_a-lock.o)
 .debug_abbrev  0x00001e76      0x133 /usr/lib/gcc/arm-none-eabi/14.1.0/../../../../arm-none-eabi/lib/thumb/v7e-m+fp/hard/libg.a(libc_a-stack_protector.o)
 .debug_abbrev  0x00001fa9       0x28 /usr/lib/gcc/arm-none-eabi/14.1.0/../../../../arm-none-eabi/lib/thumb/v7e-m+fp/hard/libg.a(libc_a-strlen.o)
 .debug_abbrev  0x00001fd1      0x189 /usr/lib/gcc/arm-none-eabi/14.1.0/../../../../arm-none-eabi/lib/thumb/v7e-m+fp/hard/libg.a(libc_a-__atexit.o)
 .debug_abbrev  0x0000215a      0x20c /usr/lib/gcc/arm-none-eabi/14.1.0/../../../../arm-none-eabi/lib/thumb/v7e-m+fp/hard/libg.a(libc_a-__call_atexit.o)
 .debug_abbrev  0x00002366      0x313 /usr/lib/gcc/arm-none-eabi/14.1.0/../../../../arm-none-eabi/lib/thumb/v7e-m+fp/hard/libg.a(libc_a-signal.o)
 .debug_abbrev  0x00002679      0x239 /usr/lib/gcc/arm-none-eabi/14.1.0/../../../../arm-none-eabi/lib/thumb/v7e-m+fp/hard/libg.a(libc_a-signalr.o)
 .debug_abbrev  0x000028b2      0x1e0 /usr/lib/gcc/arm-none-eabi/14.1.0/../../../../arm-none-eabi/lib/thumb/v7e-m+fp/hard/libg.a(libc_a-syswrite.o)

.debug_loclists
                0x00000000     0x2170
 .debug_loclists
                0x00000000      0xda8 CMakeFiles/FASTIC.elf.dir/src/main.cpp.obj
 .debug_loclists
                0x00000da8      0x65d CMakeFiles/FASTIC.elf.dir/src/clock.cpp.obj
 .debug_loclists
                0x00001405       0x30 /usr/lib/gcc/arm-none-eabi/14.1.0/../../../../arm-none-eabi/lib/thumb/v7e-m+fp/hard/libg.a(libc_a-atexit.o)
 .debug_loclists
                0x00001435      0x2d2 /usr/lib/gcc/arm-none-eabi/14.1.0/../../../../arm-none-eabi/lib/thumb/v7e-m+fp/hard/libg.a(libc_a-findfp.o)
 .debug_loclists
                0x00001707       0x83 /usr/lib/gcc/arm-none-eabi/14.1.0/../../../../arm-none-eabi/lib/thumb/v7e-m+fp/hard/libg.a(libc_a-reent.o)
 .debug_loclists
                0x0000178a       0xb5 /usr/lib/gcc/arm-none-eabi/14.1.0/../../../../arm-none-eabi/lib/thumb/v7e-m+fp/hard/libg.a(libc_a-writer.o)
 .debug_loclists
                0x0000183f       0x6f /usr/lib/gcc/arm-none-eabi/14.1.0/../../../../arm-none-eabi/lib/thumb/v7e-m+fp/hard/libg.a(libc_a-init.o)
 .debug_loclists
                0x000018ae       0x4c /usr/lib/gcc/arm-none-eabi/14.1.0/../../../../arm-none-eabi/lib/thumb/v7e-m+fp/hard/libg.a(libc_a-fini.o)
 .debug_loclists
                0x000018fa       0x29 /usr/lib/gcc/arm-none-eabi/14.1.0/../../../../arm-none-eabi/lib/thumb/v7e-m+fp/hard/libg.a(libc_a-lock.o)
 .debug_loclists
                0x00001923       0x8e /usr/lib/gcc/arm-none-eabi/14.1.0/../../../../arm-none-eabi/lib/thumb/v7e-m+fp/hard/libg.a(libc_a-__atexit.o)
 .debug_loclists
                0x000019b1      0x119 /usr/lib/gcc/arm-none-eabi/14.1.0/../../../../arm-none-eabi/lib/thumb/v7e-m+fp/hard/libg.a(libc_a-__call_atexit.o)
 .debug_loclists
                0x00001aca      0x54e /usr/lib/gcc/arm-none-eabi/14.1.0/../../../../arm-none-eabi/lib/thumb/v7e-m+fp/hard/libg.a(libc_a-signal.o)
 .debug_loclists
                0x00002018       0xa0 /usr/lib/gcc/arm-none-eabi/14.1.0/../../../../arm-none-eabi/lib/thumb/v7e-m+fp/hard/libg.a(libc_a-signalr.o)
 .debug_loclists
                0x000020b8       0x78 /usr/lib/gcc/arm-none-eabi/14.1.0/../../../../arm-none-eabi/lib/thumb/v7e-m+fp/hard/libg.a(libc_a-syswrite.o)
 .debug_loclists
                0x00002130       0x29 /usr/lib/gcc/arm-none-eabi/14.1.0/../../../../arm-none-eabi/lib/thumb/v7e-m+fp/hard/libnosys.a(kill.o)
 .debug_loclists
                0x00002159       0x17 /usr/lib/gcc/arm-none-eabi/14.1.0/../../../../arm-none-eabi/lib/thumb/v7e-m+fp/hard/libnosys.a(_exit.o)

.debug_aranges  0x00000000      0x458
 .debug_aranges
                0x00000000      0x118 CMakeFiles/FASTIC.elf.dir/src/main.cpp.obj
 .debug_aranges
                0x00000118       0x50 CMakeFiles/FASTIC.elf.dir/src/clock.cpp.obj
 .debug_aranges
                0x00000168       0x28 CMakeFiles/FASTIC.elf.dir/startup/startup_stm32h753zitx.s.obj
 .debug_aranges
                0x00000190       0x20 /usr/lib/gcc/arm-none-eabi/14.1.0/../../../../arm-none-eabi/lib/thumb/v7e-m+fp/hard/libg.a(libc_a-atexit.o)
 .debug_aranges
                0x000001b0       0x70 /usr/lib/gcc/arm-none-eabi/14.1.0/../../../../arm-none-eabi/lib/thumb/v7e-m+fp/hard/libg.a(libc_a-findfp.o)
 .debug_aranges
                0x00000220       0x20 /usr/lib/gcc/arm-none-eabi/14.1.0/../../../../arm-none-eabi/lib/thumb/v7e-m+fp/hard/libg.a(libc_a-reent.o)
 .debug_aranges
                0x00000240       0x18 /usr/lib/gcc/arm-none-eabi/14.1.0/../../../../arm-none-eabi/lib/thumb/v7e-m+fp/hard/libg.a(libc_a-impure.o)
 .debug_aranges
                0x00000258       0x20 /usr/lib/gcc/arm-none-eabi/14.1.0/../../../../arm-none-eabi/lib/thumb/v7e-m+fp/hard/libg.a(libc_a-writer.o)
 .debug_aranges
                0x00000278       0x20 /usr/lib/gcc/arm-none-eabi/14.1.0/../../../../arm-none-eabi/lib/thumb/v7e-m+fp/hard/libg.a(libc_a-init.o)
 .debug_aranges
                0x00000298       0x20 /usr/lib/gcc/arm-none-eabi/14.1.0/../../../../arm-none-eabi/lib/thumb/v7e-m+fp/hard/libg.a(libc_a-fini.o)
 .debug_aranges
                0x000002b8       0x68 /usr/lib/gcc/arm-none-eabi/14.1.0/../../../../arm-none-eabi/lib/thumb/v7e-m+fp/hard/libg.a(libc_a-lock.o)
 .debug_aranges
                0x00000320       0x30 /usr/lib/gcc/arm-none-eabi/14.1.0/../../../../arm-none-eabi/lib/thumb/v7e-m+fp/hard/libg.a(libc_a-stack_protector.o)
 .debug_aranges
                0x00000350       0x20 /usr/lib/gcc/arm-none-eabi/14.1.0/../../../../arm-none-eabi/lib/thumb/v7e-m+fp/hard/libg.a(libc_a-strlen.o)
 .debug_aranges
                0x00000370       0x20 /usr/lib/gcc/arm-none-eabi/14.1.0/../../../../arm-none-eabi/lib/thumb/v7e-m+fp/hard/libg.a(libc_a-__atexit.o)
 .debug_aranges
                0x00000390       0x28 /usr/lib/gcc/arm-none-eabi/14.1.0/../../../../arm-none-eabi/lib/thumb/v7e-m+fp/hard/libg.a(libc_a-__call_atexit.o)
 .debug_aranges
                0x000003b8       0x58 /usr/lib/gcc/arm-none-eabi/14.1.0/../../../../arm-none-eabi/lib/thumb/v7e-m+fp/hard/libg.a(libc_a-signal.o)
 .debug_aranges
                0x00000410       0x28 /usr/lib/gcc/arm-none-eabi/14.1.0/../../../../arm-none-eabi/lib/thumb/v7e-m+fp/hard/libg.a(libc_a-signalr.o)
 .debug_aranges
                0x00000438       0x20 /usr/lib/gcc/arm-none-eabi/14.1.0/../../../../arm-none-eabi/lib/thumb/v7e-m+fp/hard/libg.a(libc_a-syswrite.o)

.debug_rnglists
                0x00000000      0x412
 .debug_rnglists
                0x00000000       0xcd CMakeFiles/FASTIC.elf.dir/src/main.cpp.obj
 .debug_rnglists
                0x000000cd       0x38 CMakeFiles/FASTIC.elf.dir/src/clock.cpp.obj
 .debug_rnglists
                0x00000105       0x19 CMakeFiles/FASTIC.elf.dir/startup/startup_stm32h753zitx.s.obj
 .debug_rnglists
                0x0000011e       0x13 /usr/lib/gcc/arm-none-eabi/14.1.0/../../../../arm-none-eabi/lib/thumb/v7e-m+fp/hard/libg.a(libc_a-atexit.o)
 .debug_rnglists
                0x00000131       0xf2 /usr/lib/gcc/arm-none-eabi/14.1.0/../../../../arm-none-eabi/lib/thumb/v7e-m+fp/hard/libg.a(libc_a-findfp.o)
 .debug_rnglists
                0x00000223       0x13 /usr/lib/gcc/arm-none-eabi/14.1.0/../../../../arm-none-eabi/lib/thumb/v7e-m+fp/hard/libg.a(libc_a-reent.o)
 .debug_rnglists
                0x00000236       0x13 /usr/lib/gcc/arm-none-eabi/14.1.0/../../../../arm-none-eabi/lib/thumb/v7e-m+fp/hard/libg.a(libc_a-writer.o)
 .debug_rnglists
                0x00000249       0x13 /usr/lib/gcc/arm-none-eabi/14.1.0/../../../../arm-none-eabi/lib/thumb/v7e-m+fp/hard/libg.a(libc_a-init.o)
 .debug_rnglists
                0x0000025c       0x13 /usr/lib/gcc/arm-none-eabi/14.1.0/../../../../arm-none-eabi/lib/thumb/v7e-m+fp/hard/libg.a(libc_a-fini.o)
 .debug_rnglists
                0x0000026f       0x49 /usr/lib/gcc/arm-none-eabi/14.1.0/../../../../arm-none-eabi/lib/thumb/v7e-m+fp/hard/libg.a(libc_a-lock.o)
 .debug_rnglists
                0x000002b8       0x1f /usr/lib/gcc/arm-none-eabi/14.1.0/../../../../arm-none-eabi/lib/thumb/v7e-m+fp/hard/libg.a(libc_a-stack_protector.o)
 .debug_rnglists
                0x000002d7       0x14 /usr/lib/gcc/arm-none-eabi/14.1.0/../../../../arm-none-eabi/lib/thumb/v7e-m+fp/hard/libg.a(libc_a-__atexit.o)
 .debug_rnglists
                0x000002eb       0x3a /usr/lib/gcc/arm-none-eabi/14.1.0/../../../../arm-none-eabi/lib/thumb/v7e-m+fp/hard/libg.a(libc_a-__call_atexit.o)
 .debug_rnglists
                0x00000325       0x88 /usr/lib/gcc/arm-none-eabi/14.1.0/../../../../arm-none-eabi/lib/thumb/v7e-m+fp/hard/libg.a(libc_a-signal.o)
 .debug_rnglists
                0x000003ad       0x19 /usr/lib/gcc/arm-none-eabi/14.1.0/../../../../arm-none-eabi/lib/thumb/v7e-m+fp/hard/libg.a(libc_a-signalr.o)
 .debug_rnglists
                0x000003c6       0x13 /usr/lib/gcc/arm-none-eabi/14.1.0/../../../../arm-none-eabi/lib/thumb/v7e-m+fp/hard/libg.a(libc_a-syswrite.o)
 .debug_rnglists
                0x000003d9       0x13 /usr/lib/gcc/arm-none-eabi/14.1.0/../../../../arm-none-eabi/lib/thumb/v7e-m+fp/hard/libnosys.a(getpid.o)
 .debug_rnglists
                0x000003ec       0x13 /usr/lib/gcc/arm-none-eabi/14.1.0/../../../../arm-none-eabi/lib/thumb/v7e-m+fp/hard/libnosys.a(kill.o)
 .debug_rnglists
                0x000003ff       0x13 /usr/lib/gcc/arm-none-eabi/14.1.0/../../../../arm-none-eabi/lib/thumb/v7e-m+fp/hard/libnosys.a(_exit.o)

.debug_line     0x00000000     0x3c0e
 .debug_line    0x00000000     0x10c8 CMakeFiles/FASTIC.elf.dir/src/main.cpp.obj
 .debug_line    0x000010c8      0x902 CMakeFiles/FASTIC.elf.dir/src/clock.cpp.obj
 .debug_line    0x000019ca       0x7b CMakeFiles/FASTIC.elf.dir/startup/startup_stm32h753zitx.s.obj
 .debug_line    0x00001a45       0xe4 /usr/lib/gcc/arm-none-eabi/14.1.0/../../../../arm-none-eabi/lib/thumb/v7e-m+fp/hard/libg.a(libc_a-atexit.o)
 .debug_line    0x00001b29      0x6cc /usr/lib/gcc/arm-none-eabi/14.1.0/../../../../arm-none-eabi/lib/thumb/v7e-m+fp/hard/libg.a(libc_a-findfp.o)
 .debug_line    0x000021f5      0x21c /usr/lib/gcc/arm-none-eabi/14.1.0/../../../../arm-none-eabi/lib/thumb/v7e-m+fp/hard/libg.a(libc_a-reent.o)
 .debug_line    0x00002411      0x108 /usr/lib/gcc/arm-none-eabi/14.1.0/../../../../arm-none-eabi/lib/thumb/v7e-m+fp/hard/libg.a(libc_a-impure.o)
 .debug_line    0x00002519      0x1c5 /usr/lib/gcc/arm-none-eabi/14.1.0/../../../../arm-none-eabi/lib/thumb/v7e-m+fp/hard/libg.a(libc_a-writer.o)
 .debug_line    0x000026de      0x134 /usr/lib/gcc/arm-none-eabi/14.1.0/../../../../arm-none-eabi/lib/thumb/v7e-m+fp/hard/libg.a(libc_a-init.o)
 .debug_line    0x00002812       0xe8 /usr/lib/gcc/arm-none-eabi/14.1.0/../../../../arm-none-eabi/lib/thumb/v7e-m+fp/hard/libg.a(libc_a-fini.o)
 .debug_line    0x000028fa      0x17d /usr/lib/gcc/arm-none-eabi/14.1.0/../../../../arm-none-eabi/lib/thumb/v7e-m+fp/hard/libg.a(libc_a-lock.o)
 .debug_line    0x00002a77      0x24d /usr/lib/gcc/arm-none-eabi/14.1.0/../../../../arm-none-eabi/lib/thumb/v7e-m+fp/hard/libg.a(libc_a-stack_protector.o)
 .debug_line    0x00002cc4       0x86 /usr/lib/gcc/arm-none-eabi/14.1.0/../../../../arm-none-eabi/lib/thumb/v7e-m+fp/hard/libg.a(libc_a-strlen.o)
 .debug_line    0x00002d4a      0x196 /usr/lib/gcc/arm-none-eabi/14.1.0/../../../../arm-none-eabi/lib/thumb/v7e-m+fp/hard/libg.a(libc_a-__atexit.o)
 .debug_line    0x00002ee0      0x2b3 /usr/lib/gcc/arm-none-eabi/14.1.0/../../../../arm-none-eabi/lib/thumb/v7e-m+fp/hard/libg.a(libc_a-__call_atexit.o)
 .debug_line    0x00003193      0x6eb /usr/lib/gcc/arm-none-eabi/14.1.0/../../../../arm-none-eabi/lib/thumb/v7e-m+fp/hard/libg.a(libc_a-signal.o)
 .debug_line    0x0000387e      0x1f8 /usr/lib/gcc/arm-none-eabi/14.1.0/../../../../arm-none-eabi/lib/thumb/v7e-m+fp/hard/libg.a(libc_a-signalr.o)
 .debug_line    0x00003a76      0x198 /usr/lib/gcc/arm-none-eabi/14.1.0/../../../../arm-none-eabi/lib/thumb/v7e-m+fp/hard/libg.a(libc_a-syswrite.o)

.debug_str      0x00000000     0x4d98
 .debug_str     0x00000000     0x4d98 CMakeFiles/FASTIC.elf.dir/src/main.cpp.obj
                               0x3a99 (size before relaxing)
 .debug_str     0x00004d98     0x231c CMakeFiles/FASTIC.elf.dir/src/clock.cpp.obj
 .debug_str     0x00004d98       0xaa CMakeFiles/FASTIC.elf.dir/startup/startup_stm32h753zitx.s.obj
 .debug_str     0x00004d98      0x1fe /usr/lib/gcc/arm-none-eabi/14.1.0/../../../../arm-none-eabi/lib/thumb/v7e-m+fp/hard/libg.a(libc_a-atexit.o)
 .debug_str     0x00004d98      0x759 /usr/lib/gcc/arm-none-eabi/14.1.0/../../../../arm-none-eabi/lib/thumb/v7e-m+fp/hard/libg.a(libc_a-findfp.o)
 .debug_str     0x00004d98      0x4f0 /usr/lib/gcc/arm-none-eabi/14.1.0/../../../../arm-none-eabi/lib/thumb/v7e-m+fp/hard/libg.a(libc_a-reent.o)
 .debug_str     0x00004d98      0x4d6 /usr/lib/gcc/arm-none-eabi/14.1.0/../../../../arm-none-eabi/lib/thumb/v7e-m+fp/hard/libg.a(libc_a-impure.o)
 .debug_str     0x00004d98      0x4d7 /usr/lib/gcc/arm-none-eabi/14.1.0/../../../../arm-none-eabi/lib/thumb/v7e-m+fp/hard/libg.a(libc_a-writer.o)
 .debug_str     0x00004d98      0x222 /usr/lib/gcc/arm-none-eabi/14.1.0/../../../../arm-none-eabi/lib/thumb/v7e-m+fp/hard/libg.a(libc_a-init.o)
 .debug_str     0x00004d98      0x1f8 /usr/lib/gcc/arm-none-eabi/14.1.0/../../../../arm-none-eabi/lib/thumb/v7e-m+fp/hard/libg.a(libc_a-fini.o)
 .debug_str     0x00004d98      0x358 /usr/lib/gcc/arm-none-eabi/14.1.0/../../../../arm-none-eabi/lib/thumb/v7e-m+fp/hard/libg.a(libc_a-lock.o)
 .debug_str     0x00004d98      0x23a /usr/lib/gcc/arm-none-eabi/14.1.0/../../../../arm-none-eabi/lib/thumb/v7e-m+fp/hard/libg.a(libc_a-stack_protector.o)
 .debug_str     0x00004d98       0xb8 /usr/lib/gcc/arm-none-eabi/14.1.0/../../../../arm-none-eabi/lib/thumb/v7e-m+fp/hard/libg.a(libc_a-strlen.o)
 .debug_str     0x00004d98      0x2d5 /usr/lib/gcc/arm-none-eabi/14.1.0/../../../../arm-none-eabi/lib/thumb/v7e-m+fp/hard/libg.a(libc_a-__atexit.o)
 .debug_str     0x00004d98      0x2fe /usr/lib/gcc/arm-none-eabi/14.1.0/../../../../arm-none-eabi/lib/thumb/v7e-m+fp/hard/libg.a(libc_a-__call_atexit.o)
 .debug_str     0x00004d98      0x558 /usr/lib/gcc/arm-none-eabi/14.1.0/../../../../arm-none-eabi/lib/thumb/v7e-m+fp/hard/libg.a(libc_a-signal.o)
 .debug_str     0x00004d98      0x4ed /usr/lib/gcc/arm-none-eabi/14.1.0/../../../../arm-none-eabi/lib/thumb/v7e-m+fp/hard/libg.a(libc_a-signalr.o)
 .debug_str     0x00004d98      0x4e8 /usr/lib/gcc/arm-none-eabi/14.1.0/../../../../arm-none-eabi/lib/thumb/v7e-m+fp/hard/libg.a(libc_a-syswrite.o)

.comment        0x00000000       0x3c
 .comment       0x00000000       0x3c CMakeFiles/FASTIC.elf.dir/src/main.cpp.obj
                                 0x1f (size before relaxing)
 .comment       0x0000003c       0x1f CMakeFiles/FASTIC.elf.dir/src/clock.cpp.obj
 .comment       0x0000003c       0x1f /usr/lib/gcc/arm-none-eabi/14.1.0/../../../../arm-none-eabi/lib/thumb/v7e-m+fp/hard/libg.a(libc_a-atexit.o)
 .comment       0x0000003c       0x1f /usr/lib/gcc/arm-none-eabi/14.1.0/../../../../arm-none-eabi/lib/thumb/v7e-m+fp/hard/libg.a(libc_a-findfp.o)
 .comment       0x0000003c       0x1f /usr/lib/gcc/arm-none-eabi/14.1.0/../../../../arm-none-eabi/lib/thumb/v7e-m+fp/hard/libg.a(libc_a-reent.o)
 .comment       0x0000003c       0x1f /usr/lib/gcc/arm-none-eabi/14.1.0/../../../../arm-none-eabi/lib/thumb/v7e-m+fp/hard/libg.a(libc_a-impure.o)
 .comment       0x0000003c       0x1f /usr/lib/gcc/arm-none-eabi/14.1.0/../../../../arm-none-eabi/lib/thumb/v7e-m+fp/hard/libg.a(libc_a-writer.o)
 .comment       0x0000003c       0x1f /usr/lib/gcc/arm-none-eabi/14.1.0/../../../../arm-none-eabi/lib/thumb/v7e-m+fp/hard/libg.a(libc_a-init.o)
 .comment       0x0000003c       0x1f /usr/lib/gcc/arm-none-eabi/14.1.0/../../../../arm-none-eabi/lib/thumb/v7e-m+fp/hard/libg.a(libc_a-fini.o)
 .comment       0x0000003c       0x1f /usr/lib/gcc/arm-none-eabi/14.1.0/../../../../arm-none-eabi/lib/thumb/v7e-m+fp/hard/libg.a(libc_a-lock.o)
 .comment       0x0000003c       0x1f /usr/lib/gcc/arm-none-eabi/14.1.0/../../../../arm-none-eabi/lib/thumb/v7e-m+fp/hard/libg.a(libc_a-stack_protector.o)
 .comment       0x0000003c       0x1f /usr/lib/gcc/arm-none-eabi/14.1.0/../../../../arm-none-eabi/lib/thumb/v7e-m+fp/hard/libg.a(libc_a-__atexit.o)
 .comment       0x0000003c       0x1f /usr/lib/gcc/arm-none-eabi/14.1.0/../../../../arm-none-eabi/lib/thumb/v7e-m+fp/hard/libg.a(libc_a-__call_atexit.o)
 .comment       0x0000003c       0x1f /usr/lib/gcc/arm-none-eabi/14.1.0/../../../../arm-none-eabi/lib/thumb/v7e-m+fp/hard/libg.a(libc_a-signal.o)
 .comment       0x0000003c       0x1f /usr/lib/gcc/arm-none-eabi/14.1.0/../../../../arm-none-eabi/lib/thumb/v7e-m+fp/hard/libg.a(libc_a-signalr.o)
 .comment       0x0000003c       0x1f /usr/lib/gcc/arm-none-eabi/14.1.0/../../../../arm-none-eabi/lib/thumb/v7e-m+fp/hard/libg.a(libc_a-syswrite.o)

.debug_frame    0x00000000      0x89c
 .debug_frame   0x00000000      0x268 CMakeFiles/FASTIC.elf.dir/src/main.cpp.obj
 .debug_frame   0x00000268       0xa0 CMakeFiles/FASTIC.elf.dir/src/clock.cpp.obj
 .debug_frame   0x00000308       0x20 /usr/lib/gcc/arm-none-eabi/14.1.0/../../../../arm-none-eabi/lib/thumb/v7e-m+fp/hard/libg.a(libc_a-atexit.o)
 .debug_frame   0x00000328      0x13c /usr/lib/gcc/arm-none-eabi/14.1.0/../../../../arm-none-eabi/lib/thumb/v7e-m+fp/hard/libg.a(libc_a-findfp.o)
 .debug_frame   0x00000464       0x3c /usr/lib/gcc/arm-none-eabi/14.1.0/../../../../arm-none-eabi/lib/thumb/v7e-m+fp/hard/libg.a(libc_a-reent.o)
 .debug_frame   0x000004a0       0x2c /usr/lib/gcc/arm-none-eabi/14.1.0/../../../../arm-none-eabi/lib/thumb/v7e-m+fp/hard/libg.a(libc_a-writer.o)
 .debug_frame   0x000004cc       0x2c /usr/lib/gcc/arm-none-eabi/14.1.0/../../../../arm-none-eabi/lib/thumb/v7e-m+fp/hard/libg.a(libc_a-init.o)
 .debug_frame   0x000004f8       0x34 /usr/lib/gcc/arm-none-eabi/14.1.0/../../../../arm-none-eabi/lib/thumb/v7e-m+fp/hard/libg.a(libc_a-fini.o)
 .debug_frame   0x0000052c       0xb0 /usr/lib/gcc/arm-none-eabi/14.1.0/../../../../arm-none-eabi/lib/thumb/v7e-m+fp/hard/libg.a(libc_a-lock.o)
 .debug_frame   0x000005dc       0x50 /usr/lib/gcc/arm-none-eabi/14.1.0/../../../../arm-none-eabi/lib/thumb/v7e-m+fp/hard/libg.a(libc_a-stack_protector.o)
 .debug_frame   0x0000062c       0x34 /usr/lib/gcc/arm-none-eabi/14.1.0/../../../../arm-none-eabi/lib/thumb/v7e-m+fp/hard/libg.a(libc_a-__atexit.o)
 .debug_frame   0x00000660       0x5c /usr/lib/gcc/arm-none-eabi/14.1.0/../../../../arm-none-eabi/lib/thumb/v7e-m+fp/hard/libg.a(libc_a-__call_atexit.o)
 .debug_frame   0x000006bc      0x118 /usr/lib/gcc/arm-none-eabi/14.1.0/../../../../arm-none-eabi/lib/thumb/v7e-m+fp/hard/libg.a(libc_a-signal.o)
 .debug_frame   0x000007d4       0x3c /usr/lib/gcc/arm-none-eabi/14.1.0/../../../../arm-none-eabi/lib/thumb/v7e-m+fp/hard/libg.a(libc_a-signalr.o)
 .debug_frame   0x00000810       0x2c /usr/lib/gcc/arm-none-eabi/14.1.0/../../../../arm-none-eabi/lib/thumb/v7e-m+fp/hard/libg.a(libc_a-syswrite.o)
 .debug_frame   0x0000083c       0x20 /usr/lib/gcc/arm-none-eabi/14.1.0/../../../../arm-none-eabi/lib/thumb/v7e-m+fp/hard/libnosys.a(getpid.o)
 .debug_frame   0x0000085c       0x20 /usr/lib/gcc/arm-none-eabi/14.1.0/../../../../arm-none-eabi/lib/thumb/v7e-m+fp/hard/libnosys.a(kill.o)
 .debug_frame   0x0000087c       0x20 /usr/lib/gcc/arm-none-eabi/14.1.0/../../../../arm-none-eabi/lib/thumb/v7e-m+fp/hard/libnosys.a(_exit.o)

.debug_line_str
                0x00000000      0x135
 .debug_line_str
                0x00000000      0x135 CMakeFiles/FASTIC.elf.dir/startup/startup_stm32h753zitx.s.obj
                                 0x90 (size before relaxing)
 .debug_line_str
                0x00000135       0xa5 /usr/lib/gcc/arm-none-eabi/14.1.0/../../../../arm-none-eabi/lib/thumb/v7e-m+fp/hard/libg.a(libc_a-strlen.o)
